{"level":"error","message":"TimeStamp: Sat Aug 03 2024 23:06:41 GMT+0530 (India Standard Time) error msg: MongooseError: The `uri` parameter to `openUri()` must be a string, got \"undefined\". Make sure the first parameter to `mongoose.connect()` or `mongoose.createConnection()` is a string.","service":"error-logging"}
{"level":"error","message":"TimeStamp: Sat Aug 03 2024 23:12:02 GMT+0530 (India Standard Time) error msg: MongooseError: The `uri` parameter to `openUri()` must be a string, got \"undefined\". Make sure the first parameter to `mongoose.connect()` or `mongoose.createConnection()` is a string.","service":"error-logging"}
{"level":"error","message":"TimeStamp: Sat Aug 10 2024 20:02:35 GMT+0530 (India Standard Time) error msg: MongooseError: The `uri` parameter to `openUri()` must be a string, got \"undefined\". Make sure the first parameter to `mongoose.connect()` or `mongoose.createConnection()` is a string.","service":"error-logging"}
{"level":"error","message":"TimeStamp: Mon Aug 12 2024 19:19:45 GMT+0530 (India Standard Time) error msg: MongooseError: The `uri` parameter to `openUri()` must be a string, got \"undefined\". Make sure the first parameter to `mongoose.connect()` or `mongoose.createConnection()` is a string.","service":"error-logging"}
{"level":"error","message":"TimeStamp: Mon Aug 12 2024 19:21:35 GMT+0530 (India Standard Time) error msg: MongooseError: The `uri` parameter to `openUri()` must be a string, got \"undefined\". Make sure the first parameter to `mongoose.connect()` or `mongoose.createConnection()` is a string.","service":"error-logging"}
{"level":"error","message":"TimeStamp: Mon Aug 12 2024 19:41:23 GMT+0530 (India Standard Time) error msg: MongooseError: The `uri` parameter to `openUri()` must be a string, got \"undefined\". Make sure the first parameter to `mongoose.connect()` or `mongoose.createConnection()` is a string.","service":"error-logging"}
{"level":"error","message":"TimeStamp: Mon Aug 12 2024 19:42:14 GMT+0530 (India Standard Time) error msg: MongooseError: The `uri` parameter to `openUri()` must be a string, got \"undefined\". Make sure the first parameter to `mongoose.connect()` or `mongoose.createConnection()` is a string.","service":"error-logging"}
{"level":"error","message":"TimeStamp: Mon Aug 12 2024 19:43:17 GMT+0530 (India Standard Time) error msg: MongooseError: The `uri` parameter to `openUri()` must be a string, got \"undefined\". Make sure the first parameter to `mongoose.connect()` or `mongoose.createConnection()` is a string.","service":"error-logging"}
{"level":"error","message":"TimeStamp: Tue Aug 13 2024 22:24:51 GMT+0530 (India Standard Time) error msg: MongooseError: The `uri` parameter to `openUri()` must be a string, got \"undefined\". Make sure the first parameter to `mongoose.connect()` or `mongoose.createConnection()` is a string.","service":"error-logging"}
{"level":"error","message":"TimeStamp: Tue Aug 13 2024 22:25:07 GMT+0530 (India Standard Time) error msg: MongooseError: The `uri` parameter to `openUri()` must be a string, got \"undefined\". Make sure the first parameter to `mongoose.connect()` or `mongoose.createConnection()` is a string.","service":"error-logging"}
{"level":"error","message":"TimeStamp: Tue Aug 13 2024 22:25:16 GMT+0530 (India Standard Time) error msg: ReferenceError: url is not defined","service":"error-logging"}
